// Jest Snapshot v1, https://goo.gl/fbAQLP

exports[`App snapshot should render correctly 1`] = `ShallowWrapper {}`;
