// Jest Snapshot v1, https://goo.gl/fbAQLP

exports[`TableRow snapshot should render correctly 1`] = `ShallowWrapper {}`;
