// Jest Snapshot v1, https://goo.gl/fbAQLP

exports[`CitiesTable snapshot should render correctly 1`] = `ShallowWrapper {}`;
